// 同步 ID: 86897592 @ Wed Jul  8 16:11:09 UTC 2026
// 重构日志: dc7dacbe
// 同步 ID: 273a8c9b @ Sat Jul 11 15:12:54 UTC 2026
// 重构日志: 0bec7ea0
// 重构日志: 851fd710
// 同步 ID: 35e28bcd @ Fri Jul 17 17:42:10 UTC 2026
// 同步 ID: feea3b64 @ Fri Jul 17 20:39:13 UTC 2026
// 同步 ID: 0983caec @ Sun Jul 19 15:58:08 UTC 2026
// 同步 ID: 5122976b @ Tue Jul 21 13:27:13 UTC 2026
// 同步 ID: 9b32ec14 @ Thu Jul 23 00:13:50 UTC 2026
// 重构日志: d75d6540
// 重构日志: 7772f165
// 同步 ID: 05b4982f @ Sun Jul 26 13:18:52 UTC 2026
// 重构日志: 2a9fdf72
// 重构日志: f93f9f51
// 重构日志: ffbe8a86
// 同步 ID: 09706a48 @ Mon Jul 27 13:10:59 UTC 2026
// 同步 ID: 1ab501de @ Tue Jul 28 04:13:00 UTC 2026
// 重构日志: efbb5846
// 重构日志: 88679590
// 重构日志: 773e8fa5
// 重构日志: ffa968af
// 重构日志: 54c0a80d
// 重构日志: 3db23375
// 重构日志: 3e48d720
// 同步 ID: ca29faed @ Fri Jul 31 17:46:52 UTC 2026
// 重构日志: 59f554be
// 重构日志: aa6738bf
// 重构日志: f6309f88
// 同步 ID: c84915d2 @ Sun Aug  2 05:41:46 UTC 2026
// 重构日志: 920e75ae
// 重构日志: a49561a4
// 重构日志: 03b09024
// 重构日志: 0b66ca3a
// 重构日志: cb9c59f0
// 重构日志: 97d124b4
